[website/about.html]
[website/accordion.html]
[website/add-product.html]
[website/advanced-forms.html]
[website/alerts.html]
[website/apex-charts.html]
[website/avatars.html]
[website/badges.html]
[website/blockquotes.html]
[website/blog.html]
[website/blog-details.html]
[website/blog-edit.html]
[website/breadcrumb.html]
[website/buttons.html]
[website/calendar.html]
[website/cards.html]
[website/carousel.html]
[website/cart.html]
[website/chartjs.html]
[website/chat.html]
[website/checkout.html]
[website/collapse.html]
[website/columns.html]
[website/comingsoon.html]
[website/construction.html]
[website/contacts.html]
[website/contactus.html]
[website/createpassword.html]
[website/createpassword-cover.html]
[website/createpassword-cover2.html]
[website/datatables.html]
[website/draggable.html]
[website/dropdown.html]
[website/echartjs.html]
[website/edit-product.html]
[website/edittable.html]
[website/empty-page.html]
[website/error404.html]
[website/error500.html]
[website/faqs.html]
[website/file-details.html]
[website/file-upload.html]
[website/filemanager.html]
[website/filemanager-list.html]
[website/forgot.html]
[website/forgot-cover.html]
[website/forgot-cover2.html]
[website/form-checkbox.html]
[website/form-elements.html]
[website/form-inputgroup.html]
[website/form-layouts.html]
[website/form-radio.html]
[website/form-select.html]
[website/form-switch.html]
[website/form-validations.html]
[website/gallery.html]
[website/google-maps.html]
[website/grid.html]
[website/index.html]
[website/index10.html]
[website/index11.html]
[website/index12.html]
[website/index2.html]
[website/index3.html]
[website/index4.html]
[website/index5.html]
[website/index6.html]
[website/index7.html]
[website/index8.html]
[website/index9.html]
[website/indicators.html]
[website/invoice.html]
[website/invoice-list.html]
[website/landing.html]
[website/leaflet-maps.html]
[website/list-group.html]
[website/list-page.html]
[website/lockscreen.html]
[website/lockscreen-cover.html]
[website/lockscreen-cover2.html]
[website/mail-inbox.html]
[website/mail-settings.html]
[website/maintenance.html]
[website/mega-menu.html]
[website/modal.html]
[website/navbar.html]
[website/notifications.html]
[website/offcanvas.html]
[website/order-details.html]
[website/orders.html]
[website/pagination.html]
[website/pricing.html]
[website/product-list.html]
[website/products.html]
[website/products-details.html]
[website/profile.html]
[website/profile-settings.html]
[website/progress.html]
[website/quil-editor.html]
[website/rangeslider.html]
[website/ratings.html]
[website/remix-icons.html]
[website/reset.html]
[website/reset-cover.html]
[website/reset-cover2.html]
[website/reviews.html]
[website/scrollspy.html]
[website/signin.html]
[website/signin-cover.html]
[website/signin-cover2.html]
[website/signup.html]
[website/signup-cover.html]
[website/signup-cover2.html]
[website/skeleton.html]
[website/spinners.html]
[website/sweetalert.html]
[website/tabler-icons.html]
[website/tables.html]
[website/tabs.html]
[website/tasks.html]
[website/teams.html]
[website/terms.html]
[website/timeline.html]
[website/toast.html]
[website/todo.html]
[website/tooltip-popovers.html]
[website/treeview.html]
[website/vector-maps.html]
[website/verification.html]
[website/verification-cover.html]
[website/verification-cover2.html]
[website/widgets.html]
[website/wishlist.html]
[backblue.gif]
[fade.gif]
[index.html]
[website/build/assets/img/brand-logos/favicon.ico]
[website/build/assets/main.js]
[website/build/assets/img/brand-logos/desktop-logo.png]
[website/build/assets/img/brand-logos/toggle-logo.png]
[website/build/assets/img/brand-logos/desktop-dark.png]
[website/build/assets/img/brand-logos/toggle-dark.png]
[website/build/assets/img/flags/10.png]
[website/build/assets/img/flags/1.png]
[website/build/assets/img/flags/2.png]
[website/build/assets/img/flags/3.png]
[website/build/assets/img/flags/4.png]
[website/build/assets/img/flags/5.png]
[website/build/assets/img/ecommerce/products/1.png]
[website/build/assets/img/ecommerce/products/2.png]
[website/build/assets/img/ecommerce/products/9.png]
[website/build/assets/img/ecommerce/products/10.png]
[website/build/assets/img/users/17.jpg]
[website/build/assets/img/users/2.jpg]
[website/build/assets/img/users/21.jpg]
[website/build/assets/img/users/11.jpg]
[website/build/assets/img/users/1.jpg]
[website/build/assets/img/png-images/14.jpg]
[website/build/assets/img/gallery/10.jpg]
[website/build/assets/img/gallery/9.jpg]
[website/build/assets/img/png-images/3.png]
[website/build/assets/img/png-images/4.png]
[website/build/assets/img/png-images/6.png]
[website/build/assets/img/png-images/5.png]
[website/build/assets/img/users/12.jpg]
[website/build/assets/img/users/3.jpg]
[website/build/assets/img/users/13.jpg]
[website/build/assets/img/users/5.jpg]
[website/build/assets/img/users/15.jpg]
[website/build/assets/libs/@popperjs/core/umd/popper.min.js]
[website/build/assets/libs/@simonwep/pickr/pickr.es5.min.js]
[website/build/assets/libs/preline/preline.js]
[website/build/assets/libs/simplebar/simplebar.min.js]
[website/build/assets/libs/swiper/swiper-bundle.min.js]
[website/build/assets/about-ee3ba236.js]
[website/build/assets/sticky.js]
[website/build/assets/switch-2b19e479.js]
[website/build/assets/app-9dd85cc5.js]
[website/about.html]
[website/accordion.html]
[website/build/assets/libs/quill/quill.min.js]
[website/build/assets/libs/choices.js/public/assets/scripts/choices.min.js]
[website/build/assets/libs/filepond/filepond.min.js]
[website/build/assets/libs/filepond-plugin-image-preview/filepond-plugin-image-preview.min.js]
[website/build/assets/libs/filepond-plugin-image-exif-orientation/filepond-plugin-image-exif-orientation.min.js]
[website/build/assets/libs/filepond-plugin-file-validate-size/filepond-plugin-file-validate-size.min.js]
[website/build/assets/libs/filepond-plugin-file-encode/filepond-plugin-file-encode.min.js]
[website/build/assets/libs/filepond-plugin-image-edit/filepond-plugin-image-edit.min.js]
[website/build/assets/libs/filepond-plugin-file-validate-type/filepond-plugin-file-validate-type.min.js]
[website/build/assets/libs/filepond-plugin-image-crop/filepond-plugin-image-crop.min.js]
[website/build/assets/libs/filepond-plugin-image-resize/filepond-plugin-image-resize.min.js]
[website/build/assets/libs/filepond-plugin-image-transform/filepond-plugin-image-transform.min.js]
[website/build/assets/libs/flatpickr/flatpickr.min.js]
[website/build/assets/addproduct-359f0ee5.js]
[website/add-product.html]
[website/build/assets/flatpickr-4d121883.js]
[website/build/assets/colorpicker-2bea72e6.js]
[website/advanced-forms.html]
[website/build/assets/img/users/4.jpg]
[website/build/assets/img/users/6.jpg]
[website/build/assets/img/users/16.jpg]
[website/build/assets/img/users/14.jpg]
[website/alerts.html]
[website/build/assets/libs/apexcharts/apexcharts.min.js]
[website/build/assets/apexcharts-stock-prices.js]
[website/build/assets/apexchart-ee4b17a8.js]
[website/apex-charts.html]
[website/build/assets/img/users/7.jpg]
[website/build/assets/img/users/9.jpg]
[website/build/assets/img/users/8.jpg]
[website/avatars.html]
[website/badges.html]
[website/blockquotes.html]
[website/build/assets/img/gallery/8.jpg]
[website/build/assets/img/gallery/3.jpg]
[website/build/assets/img/gallery/7.jpg]
[website/build/assets/img/gallery/2.jpg]
[website/build/assets/img/gallery/1.jpg]
[website/build/assets/img/gallery/4.jpg]
[website/build/assets/img/gallery/5.jpg]
[website/build/assets/img/gallery/6.jpg]
[website/build/assets/blog-d11de72e.js]
[website/blog.html]
[website/blog-details.html]
[website/build/assets/blog-edit-0c659011.js]
[website/blog-edit.html]
[website/breadcrumb.html]
[website/buttons.html]
[website/build/assets/img/png-images/12.png]
[website/build/assets/libs/moment/moment.js]
[website/build/assets/libs/fullcalendar/main.min.js]
[website/build/assets/fullcalendar-7063c3e1.js]
[website/calendar.html]
[website/build/assets/img/media/1.jpg]
[website/build/assets/img/media/2.jpg]
[website/build/assets/img/media/3.jpg]
[website/build/assets/img/media/4.jpg]
[website/build/assets/img/media/5.jpg]
[website/build/assets/img/media/6.jpg]
[website/build/assets/img/media/7.jpg]
[website/build/assets/img/media/8.jpg]
[website/build/assets/img/media/9.jpg]
[website/build/assets/img/media/10.jpg]
[website/build/assets/img/media/11.jpg]
[website/build/assets/img/media/12.jpg]
[website/build/assets/img/media/13.jpg]
[website/build/assets/img/media/14.jpg]
[website/build/assets/img/media/15.jpg]
[website/build/assets/img/media/16.jpg]
[website/build/assets/img/media/17.jpg]
[website/build/assets/img/media/18.jpg]
[website/build/assets/img/media/19.jpg]
[website/build/assets/img/media/20.jpg]
[website/build/assets/img/media/21.jpg]
[website/build/assets/img/users/10.jpg]
[website/build/assets/img/media/22.jpg]
[website/build/assets/img/media/23.jpg]
[website/build/assets/img/media/24.jpg]
[website/build/assets/img/media/25.jpg]
[website/build/assets/img/media/26.jpg]
[website/build/assets/img/media/27.jpg]
[website/build/assets/img/media/28.jpg]
[website/build/assets/img/media/29.jpg]
[website/cards.html]
[website/build/assets/swiper-b11a3466.js]
[website/carousel.html]
[website/build/assets/img/ecommerce/products/7.png]
[website/build/assets/img/ecommerce/products/5.png]
[website/build/assets/img/ecommerce/products/4.png]
[website/build/assets/img/ecommerce/1.png]
[website/build/assets/cart-d8c9b5da.js]
[website/cart.html]
[website/build/assets/libs/chart.js/chart.min.js]
[website/build/assets/chartjs-charts-3755e7f3.js]
[website/chartjs.html]
[website/build/assets/img/users/19.jpg]
[website/build/assets/img/users/18.jpg]
[website/build/assets/img/users/20.jpg]
[website/build/assets/chat-588a734e.js]
[website/chat.html]
[website/build/assets/img/payment-cards/1.png]
[website/build/assets/img/payment-cards/2.png]
[website/build/assets/img/payment-cards/3.png]
[website/build/assets/img/payment-cards/4.png]
[website/build/assets/img/payment-cards/5.png]
[website/build/assets/img/payment-cards/6.png]
[website/build/assets/img/payment-cards/7.png]
[website/build/assets/img/payment-cards/8.png]
[website/build/assets/img/payment-cards/9.png]
[website/build/assets/img/payment-cards/10.png]
[website/build/assets/img/payment-cards/11.png]
[website/build/assets/img/payment-cards/12.png]
[website/build/assets/img/png-images/13.png]
[website/build/assets/checkout-db04b0a2.js]
[website/checkout.html]
[website/collapse.html]
[website/columns.html]
[website/build/assets/img/authentication/3.png]
[website/build/assets/custom-pages-f3bd5c87.js]
[website/comingsoon.html]
[website/build/assets/img/authentication/4.png]
[website/construction.html]
[website/build/assets/contacts-b98a9933.js]
[website/contacts.html]
[website/contactus.html]
[website/createpassword.html]
[website/createpassword-cover.html]
[website/build/assets/img/brand-logos/desktop-light.png]
[website/build/assets/img/authentication/2.png]
[website/createpassword-cover2.html]
[website/build/assets/libs/tabulator-tables/js/tabulator.min.js]
[website/build/assets/libs/xlsx/xlsx.full.min.js]
[website/build/assets/libs/jspdf/jspdf.umd.min.js]
[website/build/assets/libs/jspdf-autotable/jspdf.plugin.autotable.min.js]
[website/build/assets/datatable-d0054720.js]
[website/datatables.html]
[website/build/assets/libs/dragula/dragula.min.js]
[website/build/assets/draggable-124c9a3c.js]
[website/draggable.html]
[website/dropdown.html]
[website/build/assets/libs/echarts/echarts.min.js]
[website/build/assets/echarts-55001136.js]
[website/echartjs.html]
[website/build/assets/editproduct-359f0ee5.js]
[website/edit-product.html]
[website/build/assets/editdata-0732ac0c.js]
[website/edittable.html]
[website/empty-page.html]
[website/build/assets/libs/particlesjs/particles.min.js]
[website/build/assets/401-error-62229160.js]
[website/error404.html]
[website/error500.html]
[website/faqs.html]
[website/build/assets/img/files/9.png]
[website/build/assets/img/files/2.png]
[website/build/assets/img/files/3.png]
[website/build/assets/img/files/5.png]
[website/build/assets/libs/glightbox/js/glightbox.min.js]
[website/build/assets/file-details-8bbd1122.js]
[website/file-details.html]
[website/build/assets/libs/dropzone/dropzone-min.js]
[website/build/assets/fileupload-b550c6f3.js]
[website/file-upload.html]
[website/build/assets/filemanager-7637c8b2.js]
[website/filemanager.html]
[website/build/assets/img/files/6.png]
[website/build/assets/img/files/4.png]
[website/build/assets/img/files/7.png]
[website/build/assets/img/files/1.png]
[website/build/assets/img/files/8.png]
[website/build/assets/img/files/10.png]
[website/filemanager-list.html]
[website/forgot.html]
[website/forgot-cover.html]
[website/forgot-cover2.html]
[website/form-checkbox.html]
[website/form-elements.html]
[website/form-inputgroup.html]
[website/build/assets/form-layout-ce9cc556.js]
[website/form-layouts.html]
[website/form-radio.html]
[website/build/assets/choices-65d4e6a0.js]
[website/build/assets/libs/tom-select/js/tom-select.complete.min.js]
[website/build/assets/tom-select-be39f81c.js]
[website/form-select.html]
[website/form-switch.html]
[website/build/assets/form-validation-09278d86.js]
[website/form-validations.html]
[website/build/assets/img/video/gallery-video-1.mp4]
[website/build/assets/gallery-cdcd316a.js]
[website/gallery.html]
[website/build/assets/libs/gmaps/gmaps.min.js]
[website/build/assets/google-maps-fae0abc2.js]
[website/google-maps.html]
[website/grid.html]
[website/build/assets/img/ecommerce/jpg/1.jpg]
[website/build/assets/img/ecommerce/jpg/2.jpg]
[website/build/assets/img/ecommerce/jpg/3.jpg]
[website/build/assets/img/ecommerce/jpg/4.jpg]
[website/build/assets/img/ecommerce/jpg/6.jpg]
[website/build/assets/img/ecommerce/jpg/5.jpg]
[website/build/assets/img/ecommerce/products/13.png]
[website/build/assets/img/ecommerce/products/14.png]
[website/build/assets/img/ecommerce/products/15.png]
[website/build/assets/img/ecommerce/products/16.png]
[website/build/assets/img/ecommerce/products/17.png]
[website/build/assets/img/ecommerce/products/18.png]
[website/build/assets/img/ecommerce/products/3.png]
[website/build/assets/img/ecommerce/products/6.png]
[website/build/assets/index-aec7c4a2.js]
[website/index.html]
[website/build/assets/img/png-images/16.png]
[website/build/assets/index-10-f842752b.js]
[website/index10.html]
[website/build/assets/index-11-89e73ede.js]
[website/index11.html]
[website/build/assets/index-12-9782e28a.js]
[website/index12.html]
[website/build/assets/img/ecommerce/products/8.png]
[website/build/assets/img/ecommerce/products/11.png]
[website/build/assets/img/ecommerce/products/12.png]
[website/build/assets/index-2-1e76e37e.js]
[website/index2.html]
[website/build/assets/index-3-04add33b.js]
[website/index3.html]
[website/build/assets/img/logos/4.png]
[website/build/assets/img/logos/10.png]
[website/build/assets/img/logos/8.png]
[website/build/assets/img/logos/1.png]
[website/build/assets/img/logos/6.png]
[website/build/assets/index-4-ff3ee5e5.js]
[website/index4.html]
[website/build/assets/img/nft-images/1.png]
[website/build/assets/img/nft-images/2.png]
[website/build/assets/img/nft-images/3.png]
[website/build/assets/img/nft-images/8.png]
[website/build/assets/img/nft-images/15.png]
[website/build/assets/img/nft-images/14.png]
[website/build/assets/img/nft-images/10.png]
[website/build/assets/img/nft-images/12.png]
[website/build/assets/img/nft-images/4.png]
[website/build/assets/img/nft-images/5.png]
[website/build/assets/img/nft-images/6.png]
[website/build/assets/img/nft-images/7.png]
[website/build/assets/img/nft-images/9.png]
[website/build/assets/img/nft-images/11.png]
[website/build/assets/index-5-21ceb278.js]
[website/index5.html]
[website/build/assets/img/flags/7.png]
[website/build/assets/img/flags/6.png]
[website/build/assets/index-6-8f04deee.js]
[website/index6.html]
[website/build/assets/img/png-images/15.png]
[website/build/assets/index-7-c438cb20.js]
[website/index7.html]
[website/build/assets/index-8-88c50eaf.js]
[website/index8.html]
[website/build/assets/index-9-af662cbd.js]
[website/index9.html]
[website/indicators.html]
[website/invoice.html]
[website/build/assets/invoice-8363a601.js]
[website/invoice-list.html]
[website/build/assets/img/landing/banner.png]
[website/build/assets/img/landing/3.png]
[website/build/assets/img/landing/4.png]
[website/build/assets/img/landing/1.jpg]
[website/team]
[website/build/assets/defaultmenu-27cd3cee.js]
[website/build/assets/landing-ee6fb8c4.js]
[website/landing.html]
[website/build/assets/libs/leaflet/leaflet.js]
[website/build/assets/leaflet-c27b9a0e.js]
[website/leaflet-maps.html]
[website/list-group.html]
[website/list-page.html]
[website/lockscreen.html]
[website/lockscreen-cover.html]
[website/lockscreen-cover2.html]
[website/build/assets/mail-inbox-4c75552d.js]
[website/mail-inbox.html]
[website/build/assets/mail-settings-82c9b55a.js]
[website/mail-settings.html]
[website/maintenance.html]
[website/mega-menu.html]
[website/modal.html]
[website/navbar.html]
[website/build/assets/libs/awesome-notifications/index.var.js]
[website/build/assets/notifications-84f1b2ca.js]
[website/notifications.html]
[website/offcanvas.html]
[website/build/assets/libs/rater-js/index.js]
[website/build/assets/order-details-bd31f5fe.js]
[website/order-details.html]
[website/orders.html]
[website/pagination.html]
[website/pricing.html]
[website/build/assets/img/ecommerce/products/19.png]
[website/build/assets/product-list-49d86b5c.js]
[website/product-list.html]
[website/products.html]
[website/build/assets/img/ecommerce/product-details/1.png]
[website/build/assets/img/ecommerce/product-details/2.png]
[website/build/assets/img/ecommerce/product-details/3.png]
[website/build/assets/img/ecommerce/product-details/4.png]
[website/build/assets/img/ecommerce/product-details/5.png]
[website/build/assets/img/ecommerce/product-details/6.png]
[website/build/assets/img/ecommerce/product-details/7.png]
[website/build/assets/img/ecommerce/product-details/8.png]
[website/build/assets/product-a9488a76.js]
[website/products-details.html]
[website/build/assets/img/png-images/2.png]
[website/build/assets/img/logos/2.png]
[website/build/assets/img/logos/3.png]
[website/build/assets/img/logos/5.png]
[website/build/assets/img/logos/7.png]
[website/build/assets/img/logos/9.png]
[website/build/assets/profile-dd72af4e.js]
[website/profile.html]
[website/twitter.com/spruko.me]
[website/build/assets/profile-settings-33992f86.js]
[website/profile-settings.html]
[website/progress.html]
[website/build/assets/quill-6141eaad.js]
[website/quil-editor.html]
[website/build/assets/libs/rangeslider-js/rangeslider-js.min.js]
[website/build/assets/libs/nouislider/nouislider.min.js]
[website/build/assets/libs/wnumb/wNumb.min.js]
[website/build/assets/rangeslider-2d3cd094.js]
[website/rangeslider.html]
[website/build/assets/rating-ad893bd6.js]
[website/ratings.html]
[website/remix-icons.html]
[website/reset.html]
[website/reset-cover.html]
[website/reset-cover2.html]
[website/build/assets/reviews-4b62172c.js]
[website/reviews.html]
[website/scrollspy.html]
[website/build/assets/img/authentication/social/1.png]
[website/signin.html]
[website/signin-cover.html]
[website/signin-cover2.html]
[website/signup.html]
[website/signup-cover.html]
[website/signup-cover2.html]
[website/skeleton.html]
[website/spinners.html]
[website/build/assets/libs/sweetalert2/sweetalert2.min.js]
[website/build/assets/swetalert-af542c8d.js]
[website/sweetalert.html]
[website/tabler-icons.html]
[website/tables.html]
[website/tabs.html]
[website/build/assets/tasks-f9ba2733.js]
[website/tasks.html]
[website/build/assets/team-66caf559.js]
[website/teams.html]
[website/terms.html]
[website/timeline.html]
[website/toast.html]
[website/build/assets/img/png-images/9.png]
[website/build/assets/todo-64005de2.js]
[website/todo.html]
[website/tooltip-popovers.html]
[website/build/assets/libs/js-treeview/treeview.min.js]
[website/build/assets/treeview-42b62200.js]
[website/treeview.html]
[website/build/assets/libs/jsvectormap/js/jsvectormap.min.js]
[website/build/assets/libs/jsvectormap/maps/world-merc.js]
[website/build/assets/us-merc-en-c625dc67.js]
[website/build/assets/russia-891839f5.js]
[website/build/assets/spain-671bcdb2.js]
[website/build/assets/canada-39379a54.js]
[website/build/assets/jsvectormap-a4aeccc1.js]
[website/vector-maps.html]
[website/build/assets/two-step-verification.js]
[website/verification.html]
[website/verification-cover.html]
[website/verification-cover2.html]
[website/build/assets/widgets-198e7817.js]
[website/widgets.html]
[website/build/assets/wishlist-a2ac19a0.js]
[website/wishlist.html]
[website/build/assets/img/authentication/1.png]
[website/build/assets/app.css]
[website/build/assets/app-s.css]
[website/build/assets/libs/simplebar/simplebar.min.css]
[website/build/assets/libs/@simonwep/pickr/themes/nano.min.css]
[website/build/assets/libs/swiper/swiper-bundle.min.css]
[website/build/assets/libs/quill/quill.snow.css]
[website/build/assets/libs/choices.js/public/assets/styles/choices.min.css]
[website/build/assets/libs/filepond/filepond.min.css]
[website/build/assets/libs/filepond-plugin-image-preview/filepond-plugin-image-preview.min.css]
[website/build/assets/libs/filepond-plugin-image-edit/filepond-plugin-image-edit.min.css]
[website/build/assets/libs/flatpickr/flatpickr.min.css]
[website/build/assets/libs/@simonwep/pickr/themes/classic.min.css]
[website/build/assets/libs/@simonwep/pickr/themes/monolith.min.css]
[website/build/assets/libs/fullcalendar/main.min.css]
[website/build/assets/libs/tabulator-tables/css/tabulator.min.css]
[website/build/assets/libs/dragula/dragula.min.css]
[website/build/assets/libs/glightbox/css/glightbox.min.css]
[website/build/assets/libs/dropzone/dropzone.css]
[website/build/assets/libs/tom-select/css/tom-select.default.min.css]
[website/build/assets/libs/jsvectormap/css/jsvectormap.min.css]
[website/build/assets/img/crypto-currencies/round-outline/Bitcoin.svg]
[website/build/assets/img/crypto-currencies/round-outline/Ethereum.svg]
[website/build/assets/img/crypto-currencies/round-outline/Dash.svg]
[website/build/assets/img/crypto-currencies/round-outline/Bytecoin.svg]
[website/build/assets/img/crypto-currencies/round-outline/Golem.svg]
[website/build/assets/img/crypto-currencies/round-outline/Siacoin.svg]
[website/build/assets/img/crypto-currencies/round-outline/Monero.svg]
[website/build/assets/img/crypto-currencies/regular/Bitcoin.svg]
[website/build/assets/img/crypto-currencies/regular/Ethereum.svg]
[website/build/assets/img/crypto-currencies/regular/litecoin.svg]
[website/build/assets/img/crypto-currencies/regular/Dash.svg]
[website/build/assets/img/crypto-currencies/regular/Golem.svg]
[website/build/assets/img/crypto-currencies/regular/Ripple.svg]
[website/build/assets/img/crypto-currencies/regular/IOTA.svg]
[website/build/assets/img/crypto-currencies/regular/Neo.svg]
[website/build/assets/img/crypto-currencies/square-color/Bitcoin.svg]
[website/team.html]
[website/build/assets/libs/leaflet/images/layers.png]
[website/build/assets/libs/leaflet/images/layers-2x.png]
[website/build/assets/libs/leaflet/images/marker-icon.png]
[website/build/assets/libs/leaflet/leaflet.css]
[website/build/assets/libs/awesome-notifications/style.css]
[website/twitter.com/spruko.html]
[website/build/assets/libs/rangeslider-js/styles.min.css]
[website/build/assets/libs/nouislider/nouislider.min.css]
[website/build/assets/libs/sweetalert2/sweetalert2.min.css]
[website/build/assets/libs/animate.css/animate.min.css]
[website/build/assets/libs/js-treeview/treeview.min.css]
[website/build/assets/iconfonts/RemixIcons/fonts/remixicondf6d.eot]
[website/build/assets/iconfonts/RemixIcons/fonts/remixicondf6d.woff2]
[website/build/assets/iconfonts/RemixIcons/fonts/remixicondf6d.woff]
[website/build/assets/iconfonts/RemixIcons/fonts/remixicondf6d.ttf]
[website/build/assets/iconfonts/RemixIcons/fonts/remixicon.css]
[website/build/assets/iconfonts/tabler-icons/webfont/fonts/tabler-icons399c.eot]
[website/build/assets/iconfonts/tabler-icons/webfont/fonts/tabler-iconsd41d.eot]
[website/build/assets/iconfonts/tabler-icons/webfont/fonts/tabler-icons399c.woff2]
[website/build/assets/iconfonts/tabler-icons/webfont/fonts/tabler-iconsd41d.woff]
[website/build/assets/iconfonts/tabler-icons/webfont/fonts/tabler-icons399c.ttf]
[website/build/assets/iconfonts/tabler-icons/webfont/tabler-icons.css]
[website/build/assets/iconfonts/RemixIcons/fonts/remixicondf6d.svg]
